18:19:22 **** Incremental Build of configuration Debug for project xadc_test ****
make pre-build main-build 
a9-linaro-pre-build-step
' '
'Building file: ../src/main.c'
'Invoking: ARM v7 gcc compiler'
arm-none-eabi-gcc -Wall -O0 -g3 -c -fmessage-length=0 -MT"src/main.o" -mcpu=cortex-a9 -mfpu=vfpv3 -mfloat-abi=hard -I../../xadc_test_bsp/ps7_cortexa9_0/include -MMD -MP -MF"src/main.d" -MT"src/main.o" -o "src/main.o" "../src/main.c"
'Finished building: ../src/main.c'
' '
'Building target: xadc_test.elf'
'Invoking: ARM v7 gcc linker'
arm-none-eabi-gcc -mcpu=cortex-a9 -mfpu=vfpv3 -mfloat-abi=hard -Wl,-build-id=none -specs=Xilinx.spec -Wl,-T -Wl,../src/lscript.ld -L../../xadc_test_bsp/ps7_cortexa9_0/lib -o "xadc_test.elf"  ./src/debounce.o ./src/main.o ./src/platform.o   -Wl,--start-group,-lxil,-lgcc,-lc,--end-group
'Finished building target: xadc_test.elf'
' '
'Invoking: ARM v7 Print Size'
arm-none-eabi-size xadc_test.elf  |tee "xadc_test.elf.size"
   text	   data	    bss	    dec	    hex	filename
  48604	   3152	  22728	  74484	  122f4	xadc_test.elf
'Finished building: xadc_test.elf.size'
' '

18:19:23 Build Finished (took 792ms)

