#-----------------------------------------------------------
# Vivado v2019.1 (64-bit)
# SW Build 2552052 on Fri May 24 14:49:42 MDT 2019
# IP Build 2548770 on Fri May 24 18:01:18 MDT 2019
# Start of session at: Wed Apr  6 16:14:42 2022
# Process ID: 10304
# Current directory: C:/Users/jones/Desktop/EE316-Lab5/MoreTesting/myproj
# Command line: vivado.exe -gui_launcher_event rodinguilauncherevent22804 C:\Users\jones\Desktop\EE316-Lab5\MoreTesting\myproj\project_1.xpr
# Log file: C:/Users/jones/Desktop/EE316-Lab5/MoreTesting/myproj/vivado.log
# Journal file: C:/Users/jones/Desktop/EE316-Lab5/MoreTesting/myproj\vivado.jou
#-----------------------------------------------------------
start_gui
open_project C:/Users/jones/Desktop/EE316-Lab5/MoreTesting/myproj/project_1.xpr
update_compile_order -fileset sources_1
launch_sdk -workspace C:/Users/jones/Desktop/EE316-Lab5/MoreTesting/myproj/project_1.sdk -hwspec C:/Users/jones/Desktop/EE316-Lab5/MoreTesting/myproj/project_1.sdk/design_1_wrapper.hdf
