#-----------------------------------------------------------
# Vivado v2019.1 (64-bit)
# SW Build 2552052 on Fri May 24 14:49:42 MDT 2019
# IP Build 2548770 on Fri May 24 18:01:18 MDT 2019
# Start of session at: Tue Mar 29 13:20:29 2022
# Process ID: 9704
# Current directory: C:/Users/jones/Desktop/EE316-Lab5/xadc_example/vivado_proj
# Command line: vivado.exe -gui_launcher_event rodinguilauncherevent10656 C:\Users\jones\Desktop\EE316-Lab5\xadc_example\vivado_proj\Cora-Z7-07S-XADC.xpr
# Log file: C:/Users/jones/Desktop/EE316-Lab5/xadc_example/vivado_proj/vivado.log
# Journal file: C:/Users/jones/Desktop/EE316-Lab5/xadc_example/vivado_proj\vivado.jou
#-----------------------------------------------------------
start_gui
open_project C:/Users/jones/Desktop/EE316-Lab5/xadc_example/vivado_proj/Cora-Z7-07S-XADC.xpr
update_compile_order -fileset sources_1
launch_sdk -workspace C:/Users/jones/Desktop/EE316-Lab5/xadc_example/vivado_proj/Cora-Z7-07S-XADC.sdk -hwspec C:/Users/jones/Desktop/EE316-Lab5/xadc_example/vivado_proj/Cora-Z7-07S-XADC.sdk/design_1_wrapper.hdf
launch_sdk -workspace C:/Users/jones/Desktop/EE316-Lab5/xadc_example/vivado_proj/Cora-Z7-07S-XADC.sdk -hwspec C:/Users/jones/Desktop/EE316-Lab5/xadc_example/vivado_proj/Cora-Z7-07S-XADC.sdk/design_1_wrapper.hdf
