#-----------------------------------------------------------
# Vivado v2019.1 (64-bit)
# SW Build 2552052 on Fri May 24 14:49:42 MDT 2019
# IP Build 2548770 on Fri May 24 18:01:18 MDT 2019
# Start of session at: Tue Apr  5 15:57:05 2022
# Process ID: 22000
# Current directory: C:/Users/jones/Desktop/EE316-Lab5/xadc_example/vivado_proj
# Command line: vivado.exe -gui_launcher_event rodinguilauncherevent24552 C:\Users\jones\Desktop\EE316-Lab5\xadc_example\vivado_proj\Cora-Z7-07S-XADC.xpr
# Log file: C:/Users/jones/Desktop/EE316-Lab5/xadc_example/vivado_proj/vivado.log
# Journal file: C:/Users/jones/Desktop/EE316-Lab5/xadc_example/vivado_proj\vivado.jou
#-----------------------------------------------------------
start_gui
open_project C:/Users/jones/Desktop/EE316-Lab5/xadc_example/vivado_proj/Cora-Z7-07S-XADC.xpr
update_compile_order -fileset sources_1
open_run synth_1 -name synth_1
set_property target_constrs_file C:/Users/jones/Desktop/EE316-Lab5/xadc_example/vivado_proj/Cora-Z7-07S-XADC.srcs/constrs_1/imports/constraints/Cora-Z7-07S-Master.xdc [current_fileset -constrset]
