15:35:34 **** Auto Build of configuration Debug for project interruptTest ****
make pre-build main-build 
a9-linaro-pre-build-step
' '
'Building file: ../src/helloworld.c'
'Invoking: ARM v7 gcc compiler'
arm-none-eabi-gcc -Wall -O0 -g3 -c -fmessage-length=0 -MT"src/helloworld.o" -mcpu=cortex-a9 -mfpu=vfpv3 -mfloat-abi=hard -I../../interruptTest_bsp/ps7_cortexa9_0/include -MMD -MP -MF"src/helloworld.d" -MT"src/helloworld.o" -o "src/helloworld.o" "../src/helloworld.c"
../src/helloworld.c:87:8: warning: "/*" within comment [-Wcomment]
 #endif /* XPAR_INTC_0_DEVICE_ID */
         
../src/helloworld.c:140:28: warning: "/*" within comment [-Wcomment]
 INTC InterruptController;  /* The instance of the Interrupt Controller */
                             
../src/helloworld.c: In function 'main':
../src/helloworld.c:156:8: warning: unused variable 'xadc_voltageData' [-Wunused-variable]
  float xadc_voltageData;
        ^~~~~~~~~~~~~~~~
../src/helloworld.c:155:5: warning: unused variable 'ChannelIndex' [-Wunused-variable]
  u8 ChannelIndex = 1;
     ^~~~~~~~~~~~
../src/helloworld.c: In function 'StartPWM2':
../src/helloworld.c:231:6: warning: unused variable 'duty' [-Wunused-variable]
  int duty = (xadcVoltage / 1.650) * PWM_PERIOD;
      ^~~~
'Finished building: ../src/helloworld.c'
' '
'Building target: interruptTest.elf'
'Invoking: ARM v7 gcc linker'
arm-none-eabi-gcc -mcpu=cortex-a9 -mfpu=vfpv3 -mfloat-abi=hard -Wl,-build-id=none -specs=Xilinx.spec -Wl,-T -Wl,../src/lscript.ld -L../../interruptTest_bsp/ps7_cortexa9_0/lib -o "interruptTest.elf"  ./src/helloworld.o ./src/platform.o   -Wl,--start-group,-lxil,-lgcc,-lc,--end-group
'Finished building target: interruptTest.elf'
' '
'Invoking: ARM v7 Print Size'
arm-none-eabi-size interruptTest.elf  |tee "interruptTest.elf.size"
   text	   data	    bss	    dec	    hex	filename
  68220	   2752	  23376	  94348	  1708c	interruptTest.elf
'Finished building: interruptTest.elf.size'
' '

15:35:35 Build Finished (took 1s.344ms)

